I'm sorry, but errors were detected in your script. Please correct the
errors listed below, and try again.


File "game/outside.rpy", line 131: expected menuitem
    jump dumpsterChoices
    ^

Ren'Py Version: Ren'Py 8.0.0.22062402
Fri Jul  1 13:07:38 2022
